[themebeyond.com/html/yed/index.html]
[backblue.gif]
[fade.gif]
[index.html]
[themebeyond.com/html/yed/img/favicon.png]
[themebeyond.com/html/yed/css/bootstrap.min.css]
[themebeyond.com/html/yed/css/animate.min.css]
[themebeyond.com/html/yed/css/magnific-popup.css]
[themebeyond.com/html/yed/css/fontawesome-all.min.css]
[themebeyond.com/html/yed/css/owl.carousel.min.css]
[themebeyond.com/html/yed/css/nice-select.css]
[themebeyond.com/html/yed/css/jquery-ui.css]
[themebeyond.com/html/yed/css/odometer.css]
[themebeyond.com/html/yed/css/aos.css]
[themebeyond.com/html/yed/css/slick.css]
[themebeyond.com/html/yed/css/default.css]
[themebeyond.com/html/yed/css/style.css]
[themebeyond.com/html/yed/css/responsive.css]
[themebeyond.com/html/yed/img/logo/preloader.gif]
[themebeyond.com/html/yed/about-us.html]
[themebeyond.com/html/yed/contact.html]
[themebeyond.com/html/yed/blog.html]
[themebeyond.com/html/yed/blog-details.html]
[themebeyond.com/html/yed/shop.html]
[themebeyond.com/html/yed/shop-details.html]
[themebeyond.com/html/yed/ask-doctor.html]
[themebeyond.com/html/yed/img/logo/logo.png]
[themebeyond.com/html/yed/img/icon/shape-img.png]
[themebeyond.com/html/yed/img/products/cart_p01.jpg]
[themebeyond.com/html/yed/img/products/cart_p02.jpg]
[themebeyond.com/html/yed/img/slider/slider_bg01.jpg]
[themebeyond.com/html/yed/img/slider/slider_bg02.jpg]
[themebeyond.com/html/yed/img/slider/slider_bg03.jpg]
[themebeyond.com/html/yed/img/slider/slider_bg04.jpg]
[themebeyond.com/html/yed/img/products/features_product01.jpg]
[themebeyond.com/html/yed/img/products/features_product02.jpg]
[themebeyond.com/html/yed/img/products/features_product03.jpg]
[themebeyond.com/html/yed/img/products/categories_01.png]
[themebeyond.com/html/yed/img/products/categories_02.png]
[themebeyond.com/html/yed/img/products/categories_03.png]
[themebeyond.com/html/yed/img/products/categories_04.png]
[themebeyond.com/html/yed/img/products/categories_05.png]
[themebeyond.com/html/yed/img/products/categories_06.png]
[themebeyond.com/html/yed/img/products/categories_07.png]
[themebeyond.com/html/yed/img/products/categories_08.png]
[themebeyond.com/html/yed/img/products/shop_img01.jpg]
[themebeyond.com/html/yed/img/products/shop_img02.jpg]
[themebeyond.com/html/yed/img/products/shop_img03.jpg]
[themebeyond.com/html/yed/img/products/shop_img04.jpg]
[themebeyond.com/html/yed/img/products/shop_img05.jpg]
[themebeyond.com/html/yed/img/products/deal_week_img01.jpg]
[themebeyond.com/html/yed/img/products/deal_week_img02.jpg]
[themebeyond.com/html/yed/img/products/deal_week_img03.jpg]
[themebeyond.com/html/yed/img/products/dw_item_des.png]
[themebeyond.com/html/yed/img/products/deal_week_img04.jpg]
[themebeyond.com/html/yed/img/products/deal_week_img05.jpg]
[themebeyond.com/html/yed/img/products/shop_img06.jpg]
[themebeyond.com/html/yed/img/products/shop_img07.jpg]
[themebeyond.com/html/yed/img/products/shop_img08.jpg]
[themebeyond.com/html/yed/img/products/shop_img09.jpg]
[themebeyond.com/html/yed/img/products/shop_img10.jpg]
[themebeyond.com/html/yed/img/images/testimonial_img01.png]
[themebeyond.com/html/yed/img/images/testimonial_img02.png]
[themebeyond.com/html/yed/img/images/testimonial_img03.png]
[themebeyond.com/html/yed/img/blog/blog_post_thumb01.jpg]
[themebeyond.com/html/yed/img/blog/blog_post_thumb02.jpg]
[themebeyond.com/html/yed/img/blog/blog_post_thumb03.jpg]
[themebeyond.com/html/yed/img/icon/delivery.png]
[themebeyond.com/html/yed/img/icon/return.png]
[themebeyond.com/html/yed/img/icon/headphone.png]
[themebeyond.com/html/yed/img/icon/download_btn01.png]
[themebeyond.com/html/yed/img/icon/download_btn02.png]
[themebeyond.com/html/yed/img/images/card.png]
[themebeyond.com/html/yed/js/vendor/jquery-3.5.0.min.js]
[themebeyond.com/html/yed/js/bootstrap.min.js]
[themebeyond.com/html/yed/js/isotope.pkgd.min.js]
[themebeyond.com/html/yed/js/imagesloaded.pkgd.min.js]
[themebeyond.com/html/yed/js/jquery.magnific-popup.min.js]
[themebeyond.com/html/yed/js/owl.carousel.min.js]
[themebeyond.com/html/yed/js/jquery.odometer.min.js]
[themebeyond.com/html/yed/js/jquery.nice-select.min.js]
[themebeyond.com/html/yed/js/jquery.countdown.min.js]
[themebeyond.com/html/yed/js/jquery.easypiechart.min.js]
[themebeyond.com/html/yed/js/jquery.inview.min.js]
[themebeyond.com/html/yed/js/jquery.appear.js]
[themebeyond.com/html/yed/js/slick.min.js]
[themebeyond.com/html/yed/js/jquery-ui.min.js]
[themebeyond.com/html/yed/js/ajax-form.js]
[themebeyond.com/html/yed/js/wow.min.js]
[themebeyond.com/html/yed/js/aos.js]
[themebeyond.com/html/yed/js/plugins.js]
[themebeyond.com/html/yed/js/main.js]
[themebeyond.com/html/yed/index.html]
[themebeyond.com/html/yed/css/bootstrap.min.css]
[themebeyond.com/html/yed/css/animate.min.css]
[themebeyond.com/html/yed/css/magnific-popup.css]
[themebeyond.com/html/yed/fonts/fa-brands-400.eot]
[themebeyond.com/html/yed/fonts/fa-brands-400d41d.eot]
[themebeyond.com/html/yed/fonts/fa-brands-400.woff2]
[themebeyond.com/html/yed/fonts/fa-brands-400.woff]
[themebeyond.com/html/yed/fonts/fa-brands-400.ttf]
[themebeyond.com/html/yed/fonts/fa-regular-400.eot]
[themebeyond.com/html/yed/fonts/fa-brands-400.svg]
[themebeyond.com/html/yed/fonts/fa-regular-400d41d.eot]
[themebeyond.com/html/yed/fonts/fa-regular-400.woff2]
[themebeyond.com/html/yed/fonts/fa-regular-400.woff]
[themebeyond.com/html/yed/fonts/fa-regular-400.ttf]
[themebeyond.com/html/yed/fonts/fa-regular-400.svg]
[themebeyond.com/html/yed/fonts/fa-solid-900.eot]
[themebeyond.com/html/yed/fonts/fa-solid-900d41d.eot]
[themebeyond.com/html/yed/fonts/fa-solid-900.woff2]
[themebeyond.com/html/yed/fonts/fa-solid-900.woff]
[themebeyond.com/html/yed/fonts/fa-solid-900.ttf]
[themebeyond.com/html/yed/css/fontawesome-all.min.css]
[themebeyond.com/html/yed/css/owl.video.play.png]
[themebeyond.com/html/yed/css/owl.carousel.min.css]
[themebeyond.com/html/yed/css/nice-select.css]
[themebeyond.com/html/yed/css/jquery-ui.css]
[themebeyond.com/html/yed/css/odometer.css]
[themebeyond.com/html/yed/css/aos.css]
[themebeyond.com/html/yed/css/slick.css]
[themebeyond.com/html/yed/css/default.css]
[themebeyond.com/html/yed/img/bg/features_product_bg.jpg]
[themebeyond.com/html/yed/fonts/fa-solid-900.svg]
[themebeyond.com/html/yed/img/bg/support_bg.jpg]
[themebeyond.com/html/yed/img/bg/customer_feedback_bg.jpg]
[themebeyond.com/html/yed/img/bg/ask_doctor_bg.jpg]
[themebeyond.com/html/yed/img/bg/ask_doctor_category.jpg]
[themebeyond.com/html/yed/img/bg/discount_bg.jpg]
[themebeyond.com/html/yed/img/bg/testimonial_bg.jpg]
[themebeyond.com/html/yed/img/bg/map.jpg]
[themebeyond.com/html/yed/css/style.css]
[themebeyond.com/html/yed/css/responsive.css]
[themebeyond.com/html/yed/img/images/about_img01.jpg]
[themebeyond.com/html/yed/img/images/about_img02.jpg]
[themebeyond.com/html/yed/img/images/about_shape01.png]
[themebeyond.com/html/yed/img/images/about_shape02.png]
[themebeyond.com/html/yed/img/icon/about_icon01.png]
[themebeyond.com/html/yed/img/icon/about_icon02.png]
[themebeyond.com/html/yed/img/images/feedback_client01.png]
[themebeyond.com/html/yed/img/images/feedback_img.jpg]
[themebeyond.com/html/yed/img/images/feedback_client02.png]
[themebeyond.com/html/yed/img/images/feedback_img02.jpg]
[themebeyond.com/html/yed/img/images/feedback_img03.jpg]
[themebeyond.com/html/yed/img/icon/title_icon.png]
[themebeyond.com/html/yed/img/images/team_img01.jpg]
[themebeyond.com/html/yed/img/images/team_img02.jpg]
[themebeyond.com/html/yed/img/images/team_img03.jpg]
[themebeyond.com/html/yed/img/images/team_img04.jpg]
[themebeyond.com/html/yed/about-us.html]
[themebeyond.com/html/yed/img/images/contact_img.png]
[themebeyond.com/html/yed/contact.html]
[themebeyond.com/html/yed/img/blog/blog_thumb01.jpg]
[themebeyond.com/html/yed/img/blog/blog_item_line.png]
[themebeyond.com/html/yed/img/blog/blog_thumb02.jpg]
[themebeyond.com/html/yed/img/blog/blog_thumb03.jpg]
[themebeyond.com/html/yed/img/blog/rc_post_thumb01.jpg]
[themebeyond.com/html/yed/img/blog/rc_post_thumb02.jpg]
[themebeyond.com/html/yed/img/blog/rc_post_thumb03.jpg]
[themebeyond.com/html/yed/img/blog/sn_icon.png]
[themebeyond.com/html/yed/blog.html]
[themebeyond.com/html/yed/img/blog/blog_details_img01.jpg]
[themebeyond.com/html/yed/img/blog/blog_details_img02.jpg]
[themebeyond.com/html/yed/img/blog/post_avatar_img.png]
[themebeyond.com/html/yed/img/icon/left_arrow.png]
[themebeyond.com/html/yed/img/icon/right_arrow.png]
[themebeyond.com/html/yed/blog-details.html]
[themebeyond.com/html/yed/img/products/shop_add.jpg]
[themebeyond.com/html/yed/shop.html]
[themebeyond.com/html/yed/img/products/shop_details01.jpg]
[themebeyond.com/html/yed/img/products/shop_details02.jpg]
[themebeyond.com/html/yed/img/products/shop_details03.jpg]
[themebeyond.com/html/yed/img/products/shop_nav_img01.jpg]
[themebeyond.com/html/yed/img/products/shop_nav_img02.jpg]
[themebeyond.com/html/yed/img/products/shop_nav_img03.jpg]
[themebeyond.com/html/yed/img/products/desc_img.jpg]
[themebeyond.com/html/yed/shop-details.html]
[themebeyond.com/html/yed/img/icon/dc_icon01.png]
[themebeyond.com/html/yed/img/icon/dc_icon02.png]
[themebeyond.com/html/yed/img/icon/dc_icon03.png]
[themebeyond.com/html/yed/img/icon/dc_icon04.png]
[themebeyond.com/html/yed/img/icon/dc_icon05.png]
[themebeyond.com/html/yed/img/icon/dc_icon06.png]
[themebeyond.com/html/yed/img/icon/dc_icon07.png]
[themebeyond.com/html/yed/img/icon/dc_icon08.png]
[themebeyond.com/html/yed/ask-doctor.html]
[themebeyond.com/html/yed/fonts/fa-brands-400.svg]
[themebeyond.com/html/yed/fonts/fa-regular-400.svg]
[themebeyond.com/html/yed/fonts/fa-solid-900.svg]
[themebeyond.com/html/yed/css/owl.video.play.html]
